// Jest Snapshot v1, https://goo.gl/fbAQLP

exports[`Cart checkout() should return an object with the total and the list of items 1`] = `
{
  "items": [],
  "total": 0,
}
`;

exports[`Cart summary() should return the total and the list of items when summary() is called 1`] = `
{
  "items": [
    {
      "product": {
        "price": 400,
        "title": "Nike Jordan Masc",
      },
      "quantity": 5,
    },
    {
      "product": {
        "price": 300,
        "title": "Nike Jordan Fem",
      },
      "quantity": 3,
    },
  ],
  "total": 2900,
}
`;
